C:\Program Files\Git\bin
C:\Program Files\Git\cmd


Dell@Dell-PC MINGW64 ~/Desktop/GIT BASH (master)
$ cd ..

Dell@Dell-PC MINGW64 ~/Desktop (master)
$ mkdir backendpage

Dell@Dell-PC MINGW64 ~/Desktop (master)
$ cd backendpage

Dell@Dell-PC MINGW64 ~/Desktop/backendpage (master)
$ touch backendfile.txt

Dell@Dell-PC MINGW64 ~/Desktop/backendpage (master)
$ git init
Initialized empty Git repository in C:/Users/Dell/Desktop/backendpage/.git/

Dell@Dell-PC MINGW64 ~/Desktop/backendpage (master)
$ git add backendfile.txt

Dell@Dell-PC MINGW64 ~/Desktop/backendpage (master)
$ git status
On branch master

No commits yet

Changes to be committed:
  (use "git rm --cached <file>..." to unstage)
        new file:   backendfile.txt


Dell@Dell-PC MINGW64 ~/Desktop/backendpage (master)
$ git commit -m "file created for demo purpose"
[master (root-commit) d7b282d] file created for demo purpose
 1 file changed, 0 insertions(+), 0 deletions(-)
 create mode 100644 backendfile.txt

Dell@Dell-PC MINGW64 ~/Desktop/backendpage (master)
$ vi

Dell@Dell-PC MINGW64 ~/Desktop/backendpage (master)
$ touch file3

Dell@Dell-PC MINGW64 ~/Desktop/backendpage (master)
$ vi

Dell@Dell-PC MINGW64 ~/Desktop/backendpage (master)
$ git log
commit d7b282dbb74945b0f8fe09ed98dfd84ed2f02284 (HEAD -> master)
Author: 123prathima <prathimabg.prathu@gmail.com>
Date:   Mon Dec 18 18:11:33 2023 +0530

    file created for demo purpose

Dell@Dell-PC MINGW64 ~/Desktop/backendpage (master)
$ git commit -m "file3 created by bgp"
On branch master
Untracked files:
  (use "git add <file>..." to include in what will be committed)
        file3

nothing added to commit but untracked files present (use "git add" to track)

Dell@Dell-PC MINGW64 ~/Desktop/backendpage (master)
$ git add file3

Dell@Dell-PC MINGW64 ~/Desktop/backendpage (master)
$ git status
On branch master
Changes to be committed:
  (use "git restore --staged <file>..." to unstage)
        new file:   file3


Dell@Dell-PC MINGW64 ~/Desktop/backendpage (master)
$ git commit -m "file3 created by bgp"
[master 2ecff99] file3 created by bgp
 1 file changed, 0 insertions(+), 0 deletions(-)
 create mode 100644 file3

Dell@Dell-PC MINGW64 ~/Desktop/backendpage (master)
$ git status
On branch master
nothing to commit, working tree clean

Dell@Dell-PC MINGW64 ~/Desktop/backendpage (master)
$ git log
commit 2ecff99e300198b521bec9d278d2d5875315180a (HEAD -> master)
Author: 123prathima <prathimabg.prathu@gmail.com>
Date:   Mon Dec 18 18:27:01 2023 +0530

    file3 created by bgp

commit d7b282dbb74945b0f8fe09ed98dfd84ed2f02284
Author: 123prathima <prathimabg.prathu@gmail.com>
Date:   Mon Dec 18 18:11:33 2023 +0530

    file created for demo purpose

Dell@Dell-PC MINGW64 ~/Desktop/backendpage (master)
$ rm -rf file3

Dell@Dell-PC MINGW64 ~/Desktop/backendpage (master)
$ ls
backendfile.txt

Dell@Dell-PC MINGW64 ~/Desktop/backendpage (master)
$ touch file2.txt

Dell@Dell-PC MINGW64 ~/Desktop/backendpage (master)
$ vi

Dell@Dell-PC MINGW64 ~/Desktop/backendpage (master)
$ git add file2
fatal: pathspec 'file2' did not match any files

Dell@Dell-PC MINGW64 ~/Desktop/backendpage (master)
$ git init
Reinitialized existing Git repository in C:/Users/Dell/Desktop/backendpage/.git/

Dell@Dell-PC MINGW64 ~/Desktop/backendpage (master)
$ git add file2
fatal: pathspec 'file2' did not match any files

Dell@Dell-PC MINGW64 ~/Desktop/backendpage (master)
$ git status
On branch master
Changes not staged for commit:
  (use "git add/rm <file>..." to update what will be committed)
  (use "git restore <file>..." to discard changes in working directory)
        deleted:    file3

Untracked files:
  (use "git add <file>..." to include in what will be committed)
        file2.txt

no changes added to commit (use "git add" and/or "git commit -a")

Dell@Dell-PC MINGW64 ~/Desktop/backendpage (master)
$ git add file2.txt

Dell@Dell-PC MINGW64 ~/Desktop/backendpage (master)
$ git status
On branch master
Changes to be committed:
  (use "git restore --staged <file>..." to unstage)
        new file:   file2.txt

Changes not staged for commit:
  (use "git add/rm <file>..." to update what will be committed)
  (use "git restore <file>..." to discard changes in working directory)
        deleted:    file3


Dell@Dell-PC MINGW64 ~/Desktop/backendpage (master)
$ git commit -m "file2 created by bgp"
[master fea1356] file2 created by bgp
 1 file changed, 0 insertions(+), 0 deletions(-)
 create mode 100644 file2.txt

Dell@Dell-PC MINGW64 ~/Desktop/backendpage (master)
$ git log
commit fea1356f844fb7c709a8aa22ebb132f3bd0b62e2 (HEAD -> master)
Author: 123prathima <prathimabg.prathu@gmail.com>
Date:   Mon Dec 18 19:06:16 2023 +0530

    file2 created by bgp

commit 2ecff99e300198b521bec9d278d2d5875315180a
Author: 123prathima <prathimabg.prathu@gmail.com>
Date:   Mon Dec 18 18:27:01 2023 +0530

    file3 created by bgp

commit d7b282dbb74945b0f8fe09ed98dfd84ed2f02284
Author: 123prathima <prathimabg.prathu@gmail.com>
Date:   Mon Dec 18 18:11:33 2023 +0530

    file created for demo purpose

Dell@Dell-PC MINGW64 ~/Desktop/backendpage (master)
$ ls -a
./  ../  .git/  backendfile.txt  file2.txt

Dell@Dell-PC MINGW64 ~/Desktop/backendpage (master)
$ git branch -M main

Dell@Dell-PC MINGW64 ~/Desktop/backendpage (main)
$ git remote add origin https://github.com/123prathima/BGP.git

Dell@Dell-PC MINGW64 ~/Desktop/backendpage (main)
$ git push -u origin main
remote: Support for password authentication was removed on August 13, 2021.
remote: Please see https://docs.github.com/en/get-started/getting-started-with-git/about-remote-repositories#cloning-with-https-urls for information on currently recommended modes of authentication.
fatal: Authentication failed for 'https://github.com/123prathima/BGP.git/'

Dell@Dell-PC MINGW64 ~/Desktop/backendpage (main)
$
